1751100029.176317 client started (11608): version 3.5a, socket /tmp/tmux-1000/default, protocol 8
1751100029.176376 on Linux 6.15.4-arch2-1 #1 SMP PREEMPT_DYNAMIC Fri, 27 Jun 2025 16:35:07 +0000
1751100029.176384 using libevent 2.1.12-stable poll
1751100029.176390 using ncurses 6.5 20240427
1751100029.176424 flags are 0x18010000
1751100029.176455 socket is /tmp/tmux-1000/default
1751100029.176477 trying connect
1751100029.176621 add peer 0x5555a0c1c110: 7 ((nil))
1751100029.177102 sending message 111 to peer 0x5555a0c1c110 (8 bytes)
1751100029.177107 sending message 111 to peer 0x5555a0c1c110 (8 bytes)
1751100029.177110 sending message 101 to peer 0x5555a0c1c110 (10 bytes)
1751100029.177113 sending message 109 to peer 0x5555a0c1c110 (4 bytes)
1751100029.177116 sending message 102 to peer 0x5555a0c1c110 (11 bytes)
1751100029.177119 sending message 108 to peer 0x5555a0c1c110 (30 bytes)
1751100029.177122 sending message 112 to peer 0x5555a0c1c110 (58 bytes)
1751100029.177125 sending message 112 to peer 0x5555a0c1c110 (5 bytes)
1751100029.177127 sending message 112 to peer 0x5555a0c1c110 (5 bytes)
1751100029.177130 sending message 112 to peer 0x5555a0c1c110 (6 bytes)
1751100029.177133 sending message 112 to peer 0x5555a0c1c110 (6 bytes)
1751100029.177135 sending message 112 to peer 0x5555a0c1c110 (11 bytes)
1751100029.177138 sending message 112 to peer 0x5555a0c1c110 (10 bytes)
1751100029.177141 sending message 112 to peer 0x5555a0c1c110 (13 bytes)
1751100029.177143 sending message 112 to peer 0x5555a0c1c110 (14 bytes)
1751100029.177146 sending message 112 to peer 0x5555a0c1c110 (19 bytes)
1751100029.177149 sending message 112 to peer 0x5555a0c1c110 (11 bytes)
1751100029.177152 sending message 112 to peer 0x5555a0c1c110 (10 bytes)
1751100029.177154 sending message 112 to peer 0x5555a0c1c110 (15 bytes)
1751100029.177157 sending message 112 to peer 0x5555a0c1c110 (21 bytes)
1751100029.177160 sending message 112 to peer 0x5555a0c1c110 (13 bytes)
1751100029.177162 sending message 112 to peer 0x5555a0c1c110 (7 bytes)
1751100029.177165 sending message 112 to peer 0x5555a0c1c110 (13 bytes)
1751100029.177168 sending message 112 to peer 0x5555a0c1c110 (7 bytes)
1751100029.177170 sending message 112 to peer 0x5555a0c1c110 (13 bytes)
1751100029.177173 sending message 112 to peer 0x5555a0c1c110 (9 bytes)
1751100029.177176 sending message 112 to peer 0x5555a0c1c110 (21 bytes)
1751100029.177179 sending message 112 to peer 0x5555a0c1c110 (13 bytes)
1751100029.177181 sending message 112 to peer 0x5555a0c1c110 (9 bytes)
1751100029.177184 sending message 112 to peer 0x5555a0c1c110 (16 bytes)
1751100029.177187 sending message 112 to peer 0x5555a0c1c110 (13 bytes)
1751100029.177189 sending message 112 to peer 0x5555a0c1c110 (9 bytes)
1751100029.177192 sending message 112 to peer 0x5555a0c1c110 (9 bytes)
1751100029.177195 sending message 112 to peer 0x5555a0c1c110 (12 bytes)
1751100029.177197 sending message 112 to peer 0x5555a0c1c110 (8 bytes)
1751100029.177200 sending message 112 to peer 0x5555a0c1c110 (8 bytes)
1751100029.177203 sending message 112 to peer 0x5555a0c1c110 (13 bytes)
1751100029.177205 sending message 112 to peer 0x5555a0c1c110 (7 bytes)
1751100029.177208 sending message 112 to peer 0x5555a0c1c110 (7 bytes)
1751100029.177211 sending message 112 to peer 0x5555a0c1c110 (9 bytes)
1751100029.177213 sending message 112 to peer 0x5555a0c1c110 (6 bytes)
1751100029.177216 sending message 112 to peer 0x5555a0c1c110 (9 bytes)
1751100029.177219 sending message 112 to peer 0x5555a0c1c110 (15 bytes)
1751100029.177221 sending message 112 to peer 0x5555a0c1c110 (13 bytes)
1751100029.177224 sending message 112 to peer 0x5555a0c1c110 (12 bytes)
1751100029.177226 sending message 112 to peer 0x5555a0c1c110 (8 bytes)
1751100029.177229 sending message 112 to peer 0x5555a0c1c110 (14 bytes)
1751100029.177232 sending message 112 to peer 0x5555a0c1c110 (11 bytes)
1751100029.177234 sending message 112 to peer 0x5555a0c1c110 (9 bytes)
1751100029.177237 sending message 112 to peer 0x5555a0c1c110 (10 bytes)
1751100029.177240 sending message 112 to peer 0x5555a0c1c110 (10 bytes)
1751100029.177250 sending message 112 to peer 0x5555a0c1c110 (10 bytes)
1751100029.177253 sending message 112 to peer 0x5555a0c1c110 (10 bytes)
1751100029.177256 sending message 112 to peer 0x5555a0c1c110 (11 bytes)
1751100029.177258 sending message 112 to peer 0x5555a0c1c110 (12 bytes)
1751100029.177261 sending message 112 to peer 0x5555a0c1c110 (12 bytes)
1751100029.177264 sending message 112 to peer 0x5555a0c1c110 (12 bytes)
1751100029.177267 sending message 112 to peer 0x5555a0c1c110 (12 bytes)
1751100029.177269 sending message 112 to peer 0x5555a0c1c110 (12 bytes)
1751100029.177279 sending message 112 to peer 0x5555a0c1c110 (11 bytes)
1751100029.177285 sending message 112 to peer 0x5555a0c1c110 (11 bytes)
1751100029.177288 sending message 112 to peer 0x5555a0c1c110 (12 bytes)
1751100029.177290 sending message 112 to peer 0x5555a0c1c110 (12 bytes)
1751100029.177293 sending message 112 to peer 0x5555a0c1c110 (12 bytes)
1751100029.177296 sending message 112 to peer 0x5555a0c1c110 (12 bytes)
1751100029.177298 sending message 112 to peer 0x5555a0c1c110 (12 bytes)
1751100029.177301 sending message 112 to peer 0x5555a0c1c110 (9 bytes)
1751100029.177304 sending message 112 to peer 0x5555a0c1c110 (12 bytes)
1751100029.177306 sending message 112 to peer 0x5555a0c1c110 (13 bytes)
1751100029.177309 sending message 112 to peer 0x5555a0c1c110 (13 bytes)
1751100029.177312 sending message 112 to peer 0x5555a0c1c110 (13 bytes)
1751100029.177314 sending message 112 to peer 0x5555a0c1c110 (13 bytes)
1751100029.177317 sending message 112 to peer 0x5555a0c1c110 (13 bytes)
1751100029.177320 sending message 112 to peer 0x5555a0c1c110 (8 bytes)
1751100029.177322 sending message 112 to peer 0x5555a0c1c110 (11 bytes)
1751100029.177325 sending message 112 to peer 0x5555a0c1c110 (11 bytes)
1751100029.177328 sending message 112 to peer 0x5555a0c1c110 (11 bytes)
1751100029.177330 sending message 112 to peer 0x5555a0c1c110 (12 bytes)
1751100029.177333 sending message 112 to peer 0x5555a0c1c110 (12 bytes)
1751100029.177336 sending message 112 to peer 0x5555a0c1c110 (12 bytes)
1751100029.177338 sending message 112 to peer 0x5555a0c1c110 (12 bytes)
1751100029.177341 sending message 112 to peer 0x5555a0c1c110 (13 bytes)
1751100029.177344 sending message 112 to peer 0x5555a0c1c110 (13 bytes)
1751100029.177346 sending message 112 to peer 0x5555a0c1c110 (13 bytes)
1751100029.177349 sending message 112 to peer 0x5555a0c1c110 (8 bytes)
1751100029.177352 sending message 112 to peer 0x5555a0c1c110 (13 bytes)
1751100029.177354 sending message 112 to peer 0x5555a0c1c110 (13 bytes)
1751100029.177357 sending message 112 to peer 0x5555a0c1c110 (13 bytes)
1751100029.177360 sending message 112 to peer 0x5555a0c1c110 (13 bytes)
1751100029.177363 sending message 112 to peer 0x5555a0c1c110 (13 bytes)
1751100029.177365 sending message 112 to peer 0x5555a0c1c110 (12 bytes)
1751100029.177368 sending message 112 to peer 0x5555a0c1c110 (12 bytes)
1751100029.177371 sending message 112 to peer 0x5555a0c1c110 (12 bytes)
1751100029.177373 sending message 112 to peer 0x5555a0c1c110 (12 bytes)
1751100029.177376 sending message 112 to peer 0x5555a0c1c110 (13 bytes)
1751100029.177379 sending message 112 to peer 0x5555a0c1c110 (8 bytes)
1751100029.177381 sending message 112 to peer 0x5555a0c1c110 (13 bytes)
1751100029.177384 sending message 112 to peer 0x5555a0c1c110 (13 bytes)
1751100029.177387 sending message 112 to peer 0x5555a0c1c110 (13 bytes)
1751100029.177389 sending message 112 to peer 0x5555a0c1c110 (13 bytes)
1751100029.177392 sending message 112 to peer 0x5555a0c1c110 (13 bytes)
1751100029.177395 sending message 112 to peer 0x5555a0c1c110 (13 bytes)
1751100029.177398 sending message 112 to peer 0x5555a0c1c110 (13 bytes)
1751100029.177400 sending message 112 to peer 0x5555a0c1c110 (12 bytes)
1751100029.177403 sending message 112 to peer 0x5555a0c1c110 (12 bytes)
1751100029.177406 sending message 112 to peer 0x5555a0c1c110 (12 bytes)
1751100029.177409 sending message 112 to peer 0x5555a0c1c110 (8 bytes)
1751100029.177412 sending message 112 to peer 0x5555a0c1c110 (12 bytes)
1751100029.177418 sending message 112 to peer 0x5555a0c1c110 (13 bytes)
1751100029.177420 sending message 112 to peer 0x5555a0c1c110 (13 bytes)
1751100029.177422 sending message 112 to peer 0x5555a0c1c110 (13 bytes)
1751100029.177424 sending message 112 to peer 0x5555a0c1c110 (13 bytes)
1751100029.177426 sending message 112 to peer 0x5555a0c1c110 (13 bytes)
1751100029.177429 sending message 112 to peer 0x5555a0c1c110 (13 bytes)
1751100029.177431 sending message 112 to peer 0x5555a0c1c110 (13 bytes)
1751100029.177433 sending message 112 to peer 0x5555a0c1c110 (13 bytes)
1751100029.177435 sending message 112 to peer 0x5555a0c1c110 (12 bytes)
1751100029.177437 sending message 112 to peer 0x5555a0c1c110 (10 bytes)
1751100029.177439 sending message 112 to peer 0x5555a0c1c110 (12 bytes)
1751100029.177441 sending message 112 to peer 0x5555a0c1c110 (12 bytes)
1751100029.177443 sending message 112 to peer 0x5555a0c1c110 (12 bytes)
1751100029.177446 sending message 112 to peer 0x5555a0c1c110 (13 bytes)
1751100029.177448 sending message 112 to peer 0x5555a0c1c110 (13 bytes)
1751100029.177450 sending message 112 to peer 0x5555a0c1c110 (13 bytes)
1751100029.177452 sending message 112 to peer 0x5555a0c1c110 (13 bytes)
1751100029.177454 sending message 112 to peer 0x5555a0c1c110 (13 bytes)
1751100029.177456 sending message 112 to peer 0x5555a0c1c110 (13 bytes)
1751100029.177458 sending message 112 to peer 0x5555a0c1c110 (13 bytes)
1751100029.177460 sending message 112 to peer 0x5555a0c1c110 (10 bytes)
1751100029.177462 sending message 112 to peer 0x5555a0c1c110 (13 bytes)
1751100029.177465 sending message 112 to peer 0x5555a0c1c110 (12 bytes)
1751100029.177467 sending message 112 to peer 0x5555a0c1c110 (12 bytes)
1751100029.177469 sending message 112 to peer 0x5555a0c1c110 (12 bytes)
1751100029.177471 sending message 112 to peer 0x5555a0c1c110 (10 bytes)
1751100029.177473 sending message 112 to peer 0x5555a0c1c110 (10 bytes)
1751100029.177475 sending message 112 to peer 0x5555a0c1c110 (10 bytes)
1751100029.177477 sending message 112 to peer 0x5555a0c1c110 (12 bytes)
1751100029.177480 sending message 112 to peer 0x5555a0c1c110 (13 bytes)
1751100029.177482 sending message 112 to peer 0x5555a0c1c110 (13 bytes)
1751100029.177484 sending message 112 to peer 0x5555a0c1c110 (13 bytes)
1751100029.177486 sending message 112 to peer 0x5555a0c1c110 (13 bytes)
1751100029.177488 sending message 112 to peer 0x5555a0c1c110 (13 bytes)
1751100029.177490 sending message 112 to peer 0x5555a0c1c110 (10 bytes)
1751100029.177492 sending message 112 to peer 0x5555a0c1c110 (11 bytes)
1751100029.177494 sending message 112 to peer 0x5555a0c1c110 (12 bytes)
1751100029.177496 sending message 112 to peer 0x5555a0c1c110 (12 bytes)
1751100029.177499 sending message 112 to peer 0x5555a0c1c110 (12 bytes)
1751100029.177501 sending message 112 to peer 0x5555a0c1c110 (12 bytes)
1751100029.177503 sending message 112 to peer 0x5555a0c1c110 (12 bytes)
1751100029.177505 sending message 112 to peer 0x5555a0c1c110 (11 bytes)
1751100029.177507 sending message 112 to peer 0x5555a0c1c110 (12 bytes)
1751100029.177509 sending message 112 to peer 0x5555a0c1c110 (12 bytes)
1751100029.177511 sending message 112 to peer 0x5555a0c1c110 (13 bytes)
1751100029.177513 sending message 112 to peer 0x5555a0c1c110 (13 bytes)
1751100029.177516 sending message 112 to peer 0x5555a0c1c110 (13 bytes)
1751100029.177518 sending message 112 to peer 0x5555a0c1c110 (13 bytes)
1751100029.177520 sending message 112 to peer 0x5555a0c1c110 (13 bytes)
1751100029.177522 sending message 112 to peer 0x5555a0c1c110 (10 bytes)
1751100029.177524 sending message 112 to peer 0x5555a0c1c110 (9 bytes)
1751100029.177526 sending message 112 to peer 0x5555a0c1c110 (12 bytes)
1751100029.177528 sending message 112 to peer 0x5555a0c1c110 (13 bytes)
1751100029.177530 sending message 112 to peer 0x5555a0c1c110 (13 bytes)
1751100029.177533 sending message 112 to peer 0x5555a0c1c110 (13 bytes)
1751100029.177535 sending message 112 to peer 0x5555a0c1c110 (13 bytes)
1751100029.177537 sending message 112 to peer 0x5555a0c1c110 (13 bytes)
1751100029.177542 sending message 112 to peer 0x5555a0c1c110 (9 bytes)
1751100029.177544 sending message 112 to peer 0x5555a0c1c110 (12 bytes)
1751100029.177546 sending message 112 to peer 0x5555a0c1c110 (13 bytes)
1751100029.177549 sending message 112 to peer 0x5555a0c1c110 (13 bytes)
1751100029.177551 sending message 112 to peer 0x5555a0c1c110 (13 bytes)
1751100029.177553 sending message 112 to peer 0x5555a0c1c110 (13 bytes)
1751100029.177555 sending message 112 to peer 0x5555a0c1c110 (13 bytes)
1751100029.177557 sending message 112 to peer 0x5555a0c1c110 (11 bytes)
1751100029.177559 sending message 112 to peer 0x5555a0c1c110 (12 bytes)
1751100029.177561 sending message 112 to peer 0x5555a0c1c110 (13 bytes)
1751100029.177564 sending message 112 to peer 0x5555a0c1c110 (13 bytes)
1751100029.177566 sending message 112 to peer 0x5555a0c1c110 (13 bytes)
1751100029.177568 sending message 112 to peer 0x5555a0c1c110 (13 bytes)
1751100029.177570 sending message 112 to peer 0x5555a0c1c110 (13 bytes)
1751100029.177572 sending message 112 to peer 0x5555a0c1c110 (11 bytes)
1751100029.177574 sending message 112 to peer 0x5555a0c1c110 (12 bytes)
1751100029.177576 sending message 112 to peer 0x5555a0c1c110 (12 bytes)
1751100029.177579 sending message 112 to peer 0x5555a0c1c110 (12 bytes)
1751100029.177581 sending message 112 to peer 0x5555a0c1c110 (12 bytes)
1751100029.177583 sending message 112 to peer 0x5555a0c1c110 (12 bytes)
1751100029.177585 sending message 112 to peer 0x5555a0c1c110 (21 bytes)
1751100029.177587 sending message 112 to peer 0x5555a0c1c110 (12 bytes)
1751100029.177589 sending message 112 to peer 0x5555a0c1c110 (9 bytes)
1751100029.177592 sending message 112 to peer 0x5555a0c1c110 (6 bytes)
1751100029.177594 sending message 112 to peer 0x5555a0c1c110 (13 bytes)
1751100029.177596 sending message 112 to peer 0x5555a0c1c110 (10 bytes)
1751100029.177598 sending message 112 to peer 0x5555a0c1c110 (24 bytes)
1751100029.177601 sending message 112 to peer 0x5555a0c1c110 (13 bytes)
1751100029.177603 sending message 112 to peer 0x5555a0c1c110 (9 bytes)
1751100029.177605 sending message 112 to peer 0x5555a0c1c110 (70 bytes)
1751100029.177607 sending message 112 to peer 0x5555a0c1c110 (69 bytes)
1751100029.177610 sending message 112 to peer 0x5555a0c1c110 (12 bytes)
1751100029.177612 sending message 112 to peer 0x5555a0c1c110 (10 bytes)
1751100029.177614 sending message 112 to peer 0x5555a0c1c110 (10 bytes)
1751100029.177616 sending message 112 to peer 0x5555a0c1c110 (24 bytes)
1751100029.177618 sending message 112 to peer 0x5555a0c1c110 (13 bytes)
1751100029.177621 sending message 112 to peer 0x5555a0c1c110 (10 bytes)
1751100029.177623 sending message 112 to peer 0x5555a0c1c110 (10 bytes)
1751100029.177625 sending message 112 to peer 0x5555a0c1c110 (17 bytes)
1751100029.177627 sending message 112 to peer 0x5555a0c1c110 (10 bytes)
1751100029.177629 sending message 112 to peer 0x5555a0c1c110 (13 bytes)
1751100029.177631 sending message 112 to peer 0x5555a0c1c110 (9 bytes)
1751100029.177633 sending message 112 to peer 0x5555a0c1c110 (15 bytes)
1751100029.177636 sending message 112 to peer 0x5555a0c1c110 (5 bytes)
1751100029.177638 sending message 104 to peer 0x5555a0c1c110 (0 bytes)
1751100029.177641 sending message 110 to peer 0x5555a0c1c110 (0 bytes)
1751100029.177643 sending message 107 to peer 0x5555a0c1c110 (4 bytes)
1751100029.177646 sending message 105 to peer 0x5555a0c1c110 (38 bytes)
1751100029.177648 sending message 105 to peer 0x5555a0c1c110 (62 bytes)
1751100029.177650 sending message 105 to peer 0x5555a0c1c110 (35 bytes)
1751100029.177652 sending message 105 to peer 0x5555a0c1c110 (20 bytes)
1751100029.177655 sending message 105 to peer 0x5555a0c1c110 (54 bytes)
1751100029.177657 sending message 105 to peer 0x5555a0c1c110 (50 bytes)
1751100029.177659 sending message 105 to peer 0x5555a0c1c110 (25 bytes)
1751100029.177661 sending message 105 to peer 0x5555a0c1c110 (11 bytes)
1751100029.177663 sending message 105 to peer 0x5555a0c1c110 (64 bytes)
1751100029.177666 sending message 105 to peer 0x5555a0c1c110 (22 bytes)
1751100029.177671 sending message 105 to peer 0x5555a0c1c110 (19 bytes)
1751100029.177673 sending message 105 to peer 0x5555a0c1c110 (22 bytes)
1751100029.177676 sending message 105 to peer 0x5555a0c1c110 (90 bytes)
1751100029.177678 sending message 105 to peer 0x5555a0c1c110 (17 bytes)
1751100029.177680 sending message 105 to peer 0x5555a0c1c110 (19 bytes)
1751100029.177682 sending message 105 to peer 0x5555a0c1c110 (32 bytes)
1751100029.177684 sending message 105 to peer 0x5555a0c1c110 (15 bytes)
1751100029.177687 sending message 105 to peer 0x5555a0c1c110 (21 bytes)
1751100029.177689 sending message 105 to peer 0x5555a0c1c110 (24 bytes)
1751100029.177691 sending message 105 to peer 0x5555a0c1c110 (132 bytes)
1751100029.177693 sending message 105 to peer 0x5555a0c1c110 (34 bytes)
1751100029.177696 sending message 105 to peer 0x5555a0c1c110 (19 bytes)
1751100029.177698 sending message 105 to peer 0x5555a0c1c110 (8 bytes)
1751100029.177700 sending message 105 to peer 0x5555a0c1c110 (15 bytes)
1751100029.177702 sending message 105 to peer 0x5555a0c1c110 (16 bytes)
1751100029.177704 sending message 105 to peer 0x5555a0c1c110 (26 bytes)
1751100029.177707 sending message 105 to peer 0x5555a0c1c110 (24 bytes)
1751100029.177709 sending message 105 to peer 0x5555a0c1c110 (16 bytes)
1751100029.177711 sending message 105 to peer 0x5555a0c1c110 (20 bytes)
1751100029.177713 sending message 105 to peer 0x5555a0c1c110 (29 bytes)
1751100029.177715 sending message 105 to peer 0x5555a0c1c110 (31 bytes)
1751100029.177717 sending message 105 to peer 0x5555a0c1c110 (15 bytes)
1751100029.177720 sending message 105 to peer 0x5555a0c1c110 (52 bytes)
1751100029.177722 sending message 105 to peer 0x5555a0c1c110 (23 bytes)
1751100029.177724 sending message 105 to peer 0x5555a0c1c110 (29 bytes)
1751100029.177727 sending message 105 to peer 0x5555a0c1c110 (17 bytes)
1751100029.177729 sending message 105 to peer 0x5555a0c1c110 (58 bytes)
1751100029.177731 sending message 105 to peer 0x5555a0c1c110 (25 bytes)
1751100029.177733 sending message 105 to peer 0x5555a0c1c110 (11 bytes)
1751100029.177735 sending message 105 to peer 0x5555a0c1c110 (16 bytes)
1751100029.177738 sending message 105 to peer 0x5555a0c1c110 (30 bytes)
1751100029.177740 sending message 105 to peer 0x5555a0c1c110 (49 bytes)
1751100029.177742 sending message 105 to peer 0x5555a0c1c110 (44 bytes)
1751100029.177744 sending message 105 to peer 0x5555a0c1c110 (16 bytes)
1751100029.177746 sending message 105 to peer 0x5555a0c1c110 (54 bytes)
1751100029.177748 sending message 105 to peer 0x5555a0c1c110 (15 bytes)
1751100029.177751 sending message 105 to peer 0x5555a0c1c110 (23 bytes)
1751100029.177753 sending message 105 to peer 0x5555a0c1c110 (29 bytes)
1751100029.177755 sending message 105 to peer 0x5555a0c1c110 (28 bytes)
1751100029.177757 sending message 105 to peer 0x5555a0c1c110 (21 bytes)
1751100029.177759 sending message 105 to peer 0x5555a0c1c110 (17 bytes)
1751100029.177761 sending message 105 to peer 0x5555a0c1c110 (29 bytes)
1751100029.177764 sending message 105 to peer 0x5555a0c1c110 (34 bytes)
1751100029.177766 sending message 105 to peer 0x5555a0c1c110 (53 bytes)
1751100029.177768 sending message 105 to peer 0x5555a0c1c110 (13 bytes)
1751100029.177771 sending message 106 to peer 0x5555a0c1c110 (0 bytes)
1751100029.177813 sending message 200 to peer 0x5555a0c1c110 (4 bytes)
1751100029.177815 client loop enter
1751100029.185124 peer 0x5555a0c1c110 message 207
1751100029.185161 sending message 208 to peer 0x5555a0c1c110 (0 bytes)
1751100031.274581 peer 0x5555a0c1c110 message 201
1751100031.274625 sending message 205 to peer 0x5555a0c1c110 (0 bytes)
1751100031.275264 peer 0x5555a0c1c110 message 204
1751100031.275315 client loop exit
